Copyright 1986-2022 Xilinx, Inc. All Rights Reserved. Copyright 2022-2025 Advanced Micro Devices, Inc. All Rights Reserved.
---------------------------------------------------------------------------------------------------------------------------------------------
| Tool Version : Vivado v.2025.2 (win64) Build 6299465 Fri Nov 14 19:35:11 GMT 2025
| Date         : Thu Apr 23 09:59:39 2026
| Host         : PC-630 running 64-bit major release  (build 9200)
| Command      : report_control_sets -verbose -file uart_top_control_sets_placed.rpt
| Design       : uart_top
| Device       : xc7a50ti
---------------------------------------------------------------------------------------------------------------------------------------------

Control Set Information

Table of Contents
-----------------
1. Summary
2. Histogram
3. Flip-Flop Distribution
4. Detailed Control Set Information

1. Summary
----------

+----------------------------------------------------------+-------+
|                          Status                          | Count |
+----------------------------------------------------------+-------+
| Total control sets                                       |    21 |
|    Minimum number of control sets                        |    21 |
|    Addition due to synthesis replication                 |     0 |
|    Addition due to physical synthesis replication        |     0 |
| Unused register locations in slices containing registers |    56 |
+----------------------------------------------------------+-------+
* Control sets can be merged at opt_design using control_set_merge or merge_equivalent_drivers
** Run report_qor_suggestions for automated merging and remapping suggestions


2. Histogram
------------

+--------------------+-------+
|       Fanout       | Count |
+--------------------+-------+
| Total control sets |    21 |
| >= 0 to < 4        |     1 |
| >= 4 to < 6        |     7 |
| >= 6 to < 8        |     0 |
| >= 8 to < 10       |     4 |
| >= 10 to < 12      |     0 |
| >= 12 to < 14      |     1 |
| >= 14 to < 16      |     0 |
| >= 16              |     8 |
+--------------------+-------+
* Control sets can be remapped at either synth_design or opt_design


3. Flip-Flop Distribution
-------------------------

+--------------+-----------------------+------------------------+-----------------+--------------+
| Clock Enable | Synchronous Set/Reset | Asynchronous Set/Reset | Total Registers | Total Slices |
+--------------+-----------------------+------------------------+-----------------+--------------+
| No           | No                    | No                     |               2 |            2 |
| No           | No                    | Yes                    |               0 |            0 |
| No           | Yes                   | No                     |             110 |           37 |
| Yes          | No                    | No                     |               8 |            3 |
| Yes          | No                    | Yes                    |               0 |            0 |
| Yes          | Yes                   | No                     |             120 |           37 |
+--------------+-----------------------+------------------------+-----------------+--------------+


4. Detailed Control Set Information
-----------------------------------

+----------------+-----------------------------------+----------------------------------------------+------------------+----------------+--------------+
|  Clock Signal  |           Enable Signal           |               Set/Reset Signal               | Slice Load Count | Bel Load Count | Bels / Slice |
+----------------+-----------------------------------+----------------------------------------------+------------------+----------------+--------------+
|  clk_IBUF_BUFG |                                   |                                              |                2 |              2 |         1.00 |
|  clk_IBUF_BUFG | uart_tx_0/bit_index[0]            | btnd_IBUF                                    |                1 |              4 |         4.00 |
|  clk_IBUF_BUFG | debounce_0/clock_0/E[0]           | btnd_IBUF                                    |                2 |              4 |         2.00 |
|  clk_IBUF_BUFG | debounce_1/clock_0/E[0]           | btnd_IBUF                                    |                1 |              4 |         4.00 |
|  clk_IBUF_BUFG | uart_tx_0/rd_ptr0                 | btnd_IBUF                                    |                2 |              5 |         2.50 |
|  clk_IBUF_BUFG | fifo_0/wr_ptr0                    | btnd_IBUF                                    |                2 |              5 |         2.50 |
|  clk_IBUF_BUFG | fifo_1/rd_ptr0                    | btnd_IBUF                                    |                1 |              5 |         5.00 |
|  clk_IBUF_BUFG | fifo_1/wr_ptr0                    | btnd_IBUF                                    |                1 |              5 |         5.00 |
|  clk_IBUF_BUFG | uart_tx_0/shift_reg[7]_i_1__0_n_0 |                                              |                3 |              8 |         2.67 |
|  clk_IBUF_BUFG | sig_rx_pop_reg_n_0                | btnd_IBUF                                    |                3 |              8 |         2.67 |
|  clk_IBUF_BUFG | uart_rx_0/shift_reg[0]            | btnd_IBUF                                    |                2 |              8 |         4.00 |
|  clk_IBUF_BUFG | uart_rx_0/data[7]_i_1_n_0         | btnd_IBUF                                    |                3 |              8 |         2.67 |
|  clk_IBUF_BUFG | fifo_1/p_0_in__1                  |                                              |                2 |             12 |         6.00 |
|  clk_IBUF_BUFG | fifo_0/p_0_in__0                  |                                              |                2 |             16 |         8.00 |
|  clk_IBUF_BUFG |                                   | debounce_0/clock_0/s_cnt[0]_i_1_n_0          |                5 |             18 |         3.60 |
|  clk_IBUF_BUFG |                                   | debounce_1/clock_0/s_cnt[0]_i_1__0_n_0       |                5 |             18 |         3.60 |
|  clk_IBUF_BUFG |                                   | display_driver_0/clock_0/s_cnt[0]_i_1__1_n_0 |                5 |             20 |         4.00 |
|  clk_IBUF_BUFG |                                   | btnd_IBUF                                    |               15 |             26 |         1.73 |
|  clk_IBUF_BUFG |                                   | fifo_1/sig_last_char_reg_0                   |                7 |             28 |         4.00 |
|  clk_IBUF_BUFG | uart_tx_0/baud_cnt[0]             | btnd_IBUF                                    |                9 |             32 |         3.56 |
|  clk_IBUF_BUFG | uart_rx_0/baud_cnt[0]             | btnd_IBUF                                    |               10 |             32 |         3.20 |
+----------------+-----------------------------------+----------------------------------------------+------------------+----------------+--------------+


